GDTEST_RUNTIME_ERROR
>> SCRIPT ERROR
>> on function: test()
>> runtime/errors/op_by_zero/division_by_zero_vector4i.gd
>> 3
>> Division by zero error in operator '/'.
