GDTEST_RUNTIME_ERROR
>> SCRIPT ERROR
>> on function: test()
>> runtime/errors/op_by_zero/modulo_by_zero_vector3i.gd
>> 3
>> Modulo by zero error in operator '%'.
